INFO:     Started server process [20612]
INFO:     Waiting for application startup.
INFO:     Application startup complete.
INFO:     Uvicorn running on http://0.0.0.0:8001 (Press CTRL+C to quit)
2026-06-30 20:05:26,172 [INFO] wsi: rid=0769375a GET /slides -> 200 1308ms
2026-06-30 20:05:26,208 [INFO] wsi: rid=685332df GET /slides -> 200 24ms
2026-06-30 20:05:28,408 [INFO] wsi: rid=48d6b263 GET /dzi/HE/2acd9d4b-f64a-4b87-bbe5-9eee4dcfa456 -> 404 3ms
2026-06-30 20:05:31,823 [INFO] wsi.tissue: detect_tissues: 검출된 조직 수 = 2 (WSI=30-10018_HE_2a6bffc5.svs)
2026-06-30 20:05:31,841 [INFO] wsi: rid=44141cfe GET /dzi/HE/30-10018 -> 200 268ms
2026-06-30 20:05:31,939 [INFO] wsi: rid=403a2771 GET /dzi/HE/30-10018_files/9/0_1.jpeg -> 200 79ms
2026-06-30 20:05:31,939 [INFO] wsi: rid=018245e7 GET /dzi/HE/30-10018_files/7/0_0.jpeg -> 200 91ms
2026-06-30 20:05:31,956 [INFO] wsi: rid=e300a104 GET /dzi/HE/30-10018_files/6/0_0.jpeg -> 200 97ms
2026-06-30 20:05:31,956 [INFO] wsi: rid=5537ea48 GET /dzi/HE/30-10018_files/9/0_0.jpeg -> 200 94ms
2026-06-30 20:05:31,956 [INFO] wsi: rid=6b93fbcb GET /dzi/HE/30-10018_files/5/0_0.jpeg -> 200 98ms
2026-06-30 20:05:31,956 [INFO] wsi: rid=dfd78864 GET /dzi/HE/30-10018_files/8/0_0.jpeg -> 200 97ms
2026-06-30 20:05:31,972 [INFO] wsi: rid=98cb0145 GET /dzi/HE/30-10018_files/9/1_1.jpeg -> 200 9ms
2026-06-30 20:05:31,973 [INFO] wsi: rid=1e3ac0a7 GET /dzi/HE/30-10018_files/9/1_0.jpeg -> 200 11ms
2026-06-30 20:05:31,976 [INFO] wsi: rid=125306b6 GET /dzi/HE/30-10018_files/10/2_1.jpeg -> 200 17ms
2026-06-30 20:05:32,022 [INFO] wsi: rid=8a16e98e GET /dzi/HE/30-10018_files/10/1_2.jpeg -> 200 66ms
2026-06-30 20:05:32,038 [INFO] wsi: rid=7935ddc4 GET /dzi/HE/30-10018_files/10/2_2.jpeg -> 200 8ms
2026-06-30 20:05:32,038 [INFO] wsi: rid=fa4c4417 GET /dzi/HE/30-10018_files/10/1_1.jpeg -> 200 84ms
2026-06-30 20:05:32,055 [INFO] wsi: rid=c83e0f3b GET /dzi/HE/30-10018_files/10/1_3.jpeg -> 200 7ms
2026-06-30 20:05:32,055 [INFO] wsi: rid=a623c33d GET /dzi/HE/30-10018_files/10/2_0.jpeg -> 200 9ms
2026-06-30 20:05:32,055 [INFO] wsi: rid=e1dcb618 GET /dzi/HE/30-10018_files/10/0_1.jpeg -> 200 94ms
2026-06-30 20:05:32,055 [INFO] wsi: rid=cc31100a GET /dzi/HE/30-10018_files/10/0_2.jpeg -> 200 75ms
2026-06-30 20:05:32,055 [INFO] wsi: rid=e14881da GET /dzi/HE/30-10018_files/10/1_0.jpeg -> 200 84ms
2026-06-30 20:05:32,055 [INFO] wsi: rid=baa95f7d GET /dzi/HE/30-10018_files/10/2_3.jpeg -> 200 3ms
2026-06-30 20:05:32,055 [INFO] wsi: rid=f1b3cd8c GET /dzi/HE/30-10018_files/10/0_3.jpeg -> 200 6ms
2026-06-30 20:05:32,071 [INFO] wsi: rid=3e736b0d GET /dzi/HE/30-10018_files/10/0_0.jpeg -> 200 79ms
2026-06-30 20:05:33,407 [INFO] wsi: rid=c3db2507 GET /dzi/HE/2acd9d4b-f64a-4b87-bbe5-9eee4dcfa456 -> 404 1ms
2026-06-30 20:05:36,579 [INFO] wsi: rid=7d8b42d8 GET /pacs/status -> 200 7ms
2026-06-30 20:05:36,580 [INFO] wsi: rid=41639dff GET /pacs/status -> 200 2ms
2026-06-30 20:05:36,644 [INFO] wsi: rid=e69cd09b GET /pacs/cases -> 200 73ms
2026-06-30 20:05:36,672 [INFO] wsi: rid=2245d4b9 GET /pacs/cases -> 200 28ms
2026-06-30 20:05:41,876 [WARNING] pydicom: get_frame_offsets is deprecated and will be removed in v4.0
2026-06-30 20:05:41,923 [INFO] wsi: rid=39e8fe3e GET /pacs/cases/43c16e0d-7f44-423e-9e6a-073a9046d2ef/dzi -> 200 527ms
2026-06-30 20:05:41,956 [INFO] wsi: rid=63ebc104 GET /pacs/cases/43c16e0d-7f44-423e-9e6a-073a9046d2ef/dzi_files/9/1_0.jpeg -> 200 24ms
2026-06-30 20:05:41,973 [INFO] wsi: rid=25d04250 GET /pacs/cases/43c16e0d-7f44-423e-9e6a-073a9046d2ef/dzi_files/10/2_0.jpeg -> 200 5ms
2026-06-30 20:05:41,989 [INFO] wsi: rid=59be52f0 GET /pacs/cases/43c16e0d-7f44-423e-9e6a-073a9046d2ef/dzi_files/10/1_0.jpeg -> 200 57ms
2026-06-30 20:05:42,006 [INFO] wsi: rid=0f137133 GET /pacs/cases/43c16e0d-7f44-423e-9e6a-073a9046d2ef/dzi_files/10/1_1.jpeg -> 200 23ms
2026-06-30 20:05:42,039 [INFO] wsi: rid=327f9b2b GET /pacs/cases/43c16e0d-7f44-423e-9e6a-073a9046d2ef/dzi_files/7/0_0.jpeg -> 200 98ms
2026-06-30 20:05:42,040 [INFO] wsi: rid=ec4baea5 GET /pacs/cases/43c16e0d-7f44-423e-9e6a-073a9046d2ef/dzi_files/10/0_0.jpeg -> 200 34ms
2026-06-30 20:05:42,041 [INFO] wsi: rid=829b1468 GET /pacs/cases/43c16e0d-7f44-423e-9e6a-073a9046d2ef/dzi_files/6/0_0.jpeg -> 200 100ms
2026-06-30 20:05:42,041 [INFO] wsi: rid=eca3cb59 GET /pacs/cases/43c16e0d-7f44-423e-9e6a-073a9046d2ef/dzi_files/8/0_0.jpeg -> 200 104ms
2026-06-30 20:05:42,041 [INFO] wsi: rid=0fc598cf GET /pacs/cases/43c16e0d-7f44-423e-9e6a-073a9046d2ef/dzi_files/10/0_1.jpeg -> 200 23ms
2026-06-30 20:05:42,041 [INFO] wsi: rid=49f27fd4 GET /pacs/cases/43c16e0d-7f44-423e-9e6a-073a9046d2ef/dzi_files/9/0_0.jpeg -> 200 97ms
2026-06-30 20:05:42,055 [INFO] wsi: rid=b53e0362 GET /pacs/cases/43c16e0d-7f44-423e-9e6a-073a9046d2ef/dzi_files/10/2_1.jpeg -> 200 8ms
2026-06-30 20:05:42,057 [INFO] wsi: rid=e7ba08ea GET /pacs/cases/43c16e0d-7f44-423e-9e6a-073a9046d2ef/dzi_files/11/1_1.jpeg -> 200 11ms
2026-06-30 20:05:42,057 [INFO] wsi: rid=e0c61827 GET /pacs/cases/43c16e0d-7f44-423e-9e6a-073a9046d2ef/dzi_files/11/2_1.jpeg -> 200 17ms
2026-06-30 20:05:42,057 [INFO] wsi: rid=fe896502 GET /pacs/cases/43c16e0d-7f44-423e-9e6a-073a9046d2ef/dzi_files/11/2_0.jpeg -> 200 14ms
2026-06-30 20:05:42,057 [INFO] wsi: rid=3dbfefd9 GET /pacs/cases/43c16e0d-7f44-423e-9e6a-073a9046d2ef/dzi_files/11/1_0.jpeg -> 200 14ms
2026-06-30 20:05:42,057 [INFO] wsi: rid=7074eef9 GET /pacs/cases/43c16e0d-7f44-423e-9e6a-073a9046d2ef/dzi_files/11/2_2.jpeg -> 200 12ms
2026-06-30 20:05:42,075 [INFO] wsi: rid=662dfafb GET /pacs/cases/43c16e0d-7f44-423e-9e6a-073a9046d2ef/dzi_files/11/1_2.jpeg -> 200 12ms
2026-06-30 20:05:42,075 [INFO] wsi: rid=d248c1f4 GET /pacs/cases/43c16e0d-7f44-423e-9e6a-073a9046d2ef/dzi_files/11/3_1.jpeg -> 200 13ms
2026-06-30 20:05:42,075 [INFO] wsi: rid=b80c7c25 GET /pacs/cases/43c16e0d-7f44-423e-9e6a-073a9046d2ef/dzi_files/11/0_1.jpeg -> 200 11ms
2026-06-30 20:05:42,081 [INFO] wsi: rid=c8b7af52 GET /pacs/cases/43c16e0d-7f44-423e-9e6a-073a9046d2ef/dzi_files/11/3_0.jpeg -> 200 9ms
2026-06-30 20:05:42,091 [INFO] wsi: rid=9b0763d4 GET /pacs/cases/43c16e0d-7f44-423e-9e6a-073a9046d2ef/dzi_files/8/0_0.jpeg -> 200 23ms
2026-06-30 20:05:42,091 [INFO] wsi: rid=f10e4c44 GET /pacs/cases/43c16e0d-7f44-423e-9e6a-073a9046d2ef/dzi_files/11/0_0.jpeg -> 200 5ms
2026-06-30 20:05:42,110 [INFO] wsi: rid=75444041 GET /pacs/cases/43c16e0d-7f44-423e-9e6a-073a9046d2ef/dzi_files/11/3_2.jpeg -> 200 3ms
2026-06-30 20:05:42,133 [INFO] wsi: rid=bcdf7767 GET /pacs/cases/43c16e0d-7f44-423e-9e6a-073a9046d2ef/dzi_files/11/0_2.jpeg -> 200 3ms
2026-06-30 20:05:42,137 [INFO] wsi: rid=4f24784d GET /pacs/cases/43c16e0d-7f44-423e-9e6a-073a9046d2ef/dzi_files/11/4_1.jpeg -> 200 2ms
2026-06-30 20:05:42,154 [INFO] wsi: rid=a8afa98e GET /pacs/cases/43c16e0d-7f44-423e-9e6a-073a9046d2ef/dzi_files/11/4_0.jpeg -> 200 2ms
2026-06-30 20:05:42,175 [INFO] wsi: rid=ff0cfa20 GET /pacs/cases/43c16e0d-7f44-423e-9e6a-073a9046d2ef/dzi_files/11/4_2.jpeg -> 200 1ms
2026-06-30 20:05:45,886 [INFO] wsi: rid=4eed0886 GET /pacs/cases/2acd9d4b-f64a-4b87-bbe5-9eee4dcfa456/dzi -> 200 34ms
2026-06-30 20:05:45,941 [INFO] wsi: rid=1400f83d GET /pacs/cases/2acd9d4b-f64a-4b87-bbe5-9eee4dcfa456/dzi_files/9/1_0.jpeg -> 200 35ms
2026-06-30 20:05:45,991 [INFO] wsi: rid=d2f82cbe GET /pacs/cases/2acd9d4b-f64a-4b87-bbe5-9eee4dcfa456/dzi_files/10/0_0.jpeg -> 200 38ms
2026-06-30 20:05:45,991 [INFO] wsi: rid=a2e763b8 GET /pacs/cases/2acd9d4b-f64a-4b87-bbe5-9eee4dcfa456/dzi_files/10/1_0.jpeg -> 200 84ms
2026-06-30 20:05:46,023 [INFO] wsi: rid=1cd67f8a GET /pacs/cases/2acd9d4b-f64a-4b87-bbe5-9eee4dcfa456/dzi_files/10/0_1.jpeg -> 200 19ms
2026-06-30 20:05:46,025 [INFO] wsi: rid=d7fe339a GET /pacs/cases/2acd9d4b-f64a-4b87-bbe5-9eee4dcfa456/dzi_files/10/1_1.jpeg -> 200 27ms
2026-06-30 20:05:46,025 [INFO] wsi: rid=0f18c251 GET /pacs/cases/2acd9d4b-f64a-4b87-bbe5-9eee4dcfa456/dzi_files/7/0_0.jpeg -> 200 125ms
2026-06-30 20:05:46,025 [INFO] wsi: rid=3d6de664 GET /pacs/cases/2acd9d4b-f64a-4b87-bbe5-9eee4dcfa456/dzi_files/6/0_0.jpeg -> 200 126ms
2026-06-30 20:05:46,025 [INFO] wsi: rid=752c2987 GET /pacs/cases/2acd9d4b-f64a-4b87-bbe5-9eee4dcfa456/dzi_files/8/0_0.jpeg -> 200 132ms
2026-06-30 20:05:46,038 [INFO] wsi: rid=d4bf2ca5 GET /pacs/cases/2acd9d4b-f64a-4b87-bbe5-9eee4dcfa456/dzi_files/9/0_0.jpeg -> 200 126ms
2026-06-30 20:05:46,043 [INFO] wsi: rid=a1949c42 GET /pacs/cases/2acd9d4b-f64a-4b87-bbe5-9eee4dcfa456/dzi_files/10/2_0.jpeg -> 200 12ms
2026-06-30 20:05:46,043 [INFO] wsi: rid=24e1ada1 GET /pacs/cases/2acd9d4b-f64a-4b87-bbe5-9eee4dcfa456/dzi_files/10/2_1.jpeg -> 200 8ms
2026-06-30 20:05:46,056 [INFO] wsi: rid=5cb02c02 GET /pacs/cases/2acd9d4b-f64a-4b87-bbe5-9eee4dcfa456/dzi_files/11/2_1.jpeg -> 200 16ms
2026-06-30 20:05:46,058 [INFO] wsi: rid=ea8149d6 GET /pacs/cases/2acd9d4b-f64a-4b87-bbe5-9eee4dcfa456/dzi_files/11/2_0.jpeg -> 200 20ms
2026-06-30 20:05:46,058 [INFO] wsi: rid=9bd0fb1b GET /pacs/cases/2acd9d4b-f64a-4b87-bbe5-9eee4dcfa456/dzi_files/11/1_1.jpeg -> 200 23ms
2026-06-30 20:05:46,058 [INFO] wsi: rid=743d195b GET /pacs/cases/2acd9d4b-f64a-4b87-bbe5-9eee4dcfa456/dzi_files/11/1_0.jpeg -> 200 21ms
2026-06-30 20:05:46,058 [INFO] wsi: rid=1605a539 GET /pacs/cases/2acd9d4b-f64a-4b87-bbe5-9eee4dcfa456/dzi_files/11/2_2.jpeg -> 200 18ms
2026-06-30 20:05:46,058 [INFO] wsi: rid=8c44cad7 GET /pacs/cases/2acd9d4b-f64a-4b87-bbe5-9eee4dcfa456/dzi_files/11/1_2.jpeg -> 200 17ms
2026-06-30 20:05:46,109 [INFO] wsi: rid=36779f07 GET /pacs/cases/2acd9d4b-f64a-4b87-bbe5-9eee4dcfa456/dzi_files/11/3_1.jpeg -> 200 49ms
2026-06-30 20:05:46,139 [INFO] wsi: rid=3ea23914 GET /pacs/cases/2acd9d4b-f64a-4b87-bbe5-9eee4dcfa456/dzi_files/11/0_1.jpeg -> 200 72ms
2026-06-30 20:05:46,139 [INFO] wsi: rid=6c6ba404 GET /pacs/cases/2acd9d4b-f64a-4b87-bbe5-9eee4dcfa456/dzi_files/11/3_0.jpeg -> 200 72ms
2026-06-30 20:05:46,139 [INFO] wsi: rid=eb4b3753 GET /pacs/cases/2acd9d4b-f64a-4b87-bbe5-9eee4dcfa456/dzi_files/11/3_2.jpeg -> 200 79ms
2026-06-30 20:05:46,156 [INFO] wsi: rid=affcc31c GET /pacs/cases/2acd9d4b-f64a-4b87-bbe5-9eee4dcfa456/dzi_files/11/4_1.jpeg -> 200 11ms
2026-06-30 20:05:46,159 [INFO] wsi: rid=bb137d31 GET /pacs/cases/2acd9d4b-f64a-4b87-bbe5-9eee4dcfa456/dzi_files/11/0_0.jpeg -> 200 84ms
2026-06-30 20:05:46,160 [INFO] wsi: rid=8fa6b8d7 GET /pacs/cases/2acd9d4b-f64a-4b87-bbe5-9eee4dcfa456/dzi_files/11/0_2.jpeg -> 200 33ms
2026-06-30 20:05:46,160 [INFO] wsi: rid=906df52c GET /pacs/cases/2acd9d4b-f64a-4b87-bbe5-9eee4dcfa456/dzi_files/11/4_0.jpeg -> 200 11ms
2026-06-30 20:05:46,160 [INFO] wsi: rid=484a5cf6 GET /pacs/cases/2acd9d4b-f64a-4b87-bbe5-9eee4dcfa456/dzi_files/11/4_2.jpeg -> 200 6ms
2026-06-30 20:05:46,172 [INFO] wsi: rid=748c22a0 GET /pacs/cases/2acd9d4b-f64a-4b87-bbe5-9eee4dcfa456/dzi_files/8/0_0.jpeg -> 200 106ms
2026-06-30 20:05:46,921 [INFO] wsi: rid=b35e3d05 GET /pacs/cases/d825dff5-ea74-49b7-9204-4c959ceda095/dzi -> 200 56ms
2026-06-30 20:05:46,972 [INFO] wsi: rid=562b9bcb GET /pacs/cases/d825dff5-ea74-49b7-9204-4c959ceda095/dzi_files/9/1_0.jpeg -> 200 39ms
2026-06-30 20:05:46,989 [INFO] wsi: rid=da9aafdf GET /pacs/cases/d825dff5-ea74-49b7-9204-4c959ceda095/dzi_files/10/1_0.jpeg -> 200 46ms
2026-06-30 20:05:47,006 [INFO] wsi: rid=b97e1c20 GET /pacs/cases/d825dff5-ea74-49b7-9204-4c959ceda095/dzi_files/7/0_0.jpeg -> 200 80ms
2026-06-30 20:05:47,015 [INFO] wsi: rid=79f9fb88 GET /pacs/cases/d825dff5-ea74-49b7-9204-4c959ceda095/dzi_files/6/0_0.jpeg -> 200 83ms
2026-06-30 20:05:47,021 [INFO] wsi: rid=fce2eb09 GET /pacs/cases/d825dff5-ea74-49b7-9204-4c959ceda095/dzi_files/8/0_0.jpeg -> 200 87ms
2026-06-30 20:05:47,023 [INFO] wsi: rid=cc070b35 GET /pacs/cases/d825dff5-ea74-49b7-9204-4c959ceda095/dzi_files/10/1_1.jpeg -> 200 31ms
2026-06-30 20:05:47,024 [INFO] wsi: rid=73a472f6 GET /pacs/cases/d825dff5-ea74-49b7-9204-4c959ceda095/dzi_files/9/0_0.jpeg -> 200 80ms
2026-06-30 20:05:47,024 [INFO] wsi: rid=43b6b3c5 GET /pacs/cases/d825dff5-ea74-49b7-9204-4c959ceda095/dzi_files/10/0_0.jpeg -> 200 35ms
2026-06-30 20:05:47,038 [INFO] wsi: rid=22e37f07 GET /pacs/cases/d825dff5-ea74-49b7-9204-4c959ceda095/dzi_files/10/2_1.jpeg -> 200 10ms
2026-06-30 20:05:47,039 [INFO] wsi: rid=1e5676f6 GET /pacs/cases/d825dff5-ea74-49b7-9204-4c959ceda095/dzi_files/10/0_1.jpeg -> 200 21ms
2026-06-30 20:05:47,039 [INFO] wsi: rid=9950f9d9 GET /pacs/cases/d825dff5-ea74-49b7-9204-4c959ceda095/dzi_files/10/2_0.jpeg -> 200 21ms
2026-06-30 20:05:47,039 [INFO] wsi: rid=8ca0c57d GET /pacs/cases/d825dff5-ea74-49b7-9204-4c959ceda095/dzi_files/11/1_1.jpeg -> 200 20ms
2026-06-30 20:05:47,056 [INFO] wsi: rid=e8d534c3 GET /pacs/cases/d825dff5-ea74-49b7-9204-4c959ceda095/dzi_files/11/2_1.jpeg -> 200 30ms
2026-06-30 20:05:47,056 [INFO] wsi: rid=ee222ec4 GET /pacs/cases/d825dff5-ea74-49b7-9204-4c959ceda095/dzi_files/11/2_2.jpeg -> 200 16ms
2026-06-30 20:05:47,065 [INFO] wsi: rid=6f2e9b7a GET /pacs/cases/d825dff5-ea74-49b7-9204-4c959ceda095/dzi_files/11/1_0.jpeg -> 200 18ms
2026-06-30 20:05:47,065 [INFO] wsi: rid=84c4a2a6 GET /pacs/cases/d825dff5-ea74-49b7-9204-4c959ceda095/dzi_files/11/2_0.jpeg -> 200 24ms
2026-06-30 20:05:47,073 [INFO] wsi: rid=702f12aa GET /pacs/cases/d825dff5-ea74-49b7-9204-4c959ceda095/dzi_files/11/1_2.jpeg -> 200 17ms
2026-06-30 20:05:47,073 [INFO] wsi: rid=b5013154 GET /pacs/cases/d825dff5-ea74-49b7-9204-4c959ceda095/dzi_files/11/3_0.jpeg -> 200 19ms
2026-06-30 20:05:47,073 [INFO] wsi: rid=e4cdcfc8 GET /pacs/cases/d825dff5-ea74-49b7-9204-4c959ceda095/dzi_files/11/3_1.jpeg -> 200 26ms
2026-06-30 20:05:47,089 [INFO] wsi: rid=914e30fd GET /pacs/cases/d825dff5-ea74-49b7-9204-4c959ceda095/dzi_files/11/3_2.jpeg -> 200 15ms
2026-06-30 20:05:47,099 [INFO] wsi: rid=a2f9664c GET /pacs/cases/d825dff5-ea74-49b7-9204-4c959ceda095/dzi_files/11/0_1.jpeg -> 200 8ms
2026-06-30 20:05:47,106 [INFO] wsi: rid=08f42e2f GET /pacs/cases/d825dff5-ea74-49b7-9204-4c959ceda095/dzi_files/8/0_0.jpeg -> 200 46ms
2026-06-30 20:05:47,106 [INFO] wsi: rid=f99bc924 GET /pacs/cases/d825dff5-ea74-49b7-9204-4c959ceda095/dzi_files/11/0_0.jpeg -> 200 4ms
2026-06-30 20:05:47,122 [INFO] wsi: rid=4bbede4c GET /pacs/cases/d825dff5-ea74-49b7-9204-4c959ceda095/dzi_files/11/4_1.jpeg -> 200 3ms
2026-06-30 20:05:47,142 [INFO] wsi: rid=47692af0 GET /pacs/cases/d825dff5-ea74-49b7-9204-4c959ceda095/dzi_files/11/0_2.jpeg -> 200 3ms
2026-06-30 20:05:47,156 [INFO] wsi: rid=b0fa8043 GET /pacs/cases/d825dff5-ea74-49b7-9204-4c959ceda095/dzi_files/11/4_0.jpeg -> 200 3ms
2026-06-30 20:05:47,175 [INFO] wsi: rid=a9e7a876 GET /pacs/cases/d825dff5-ea74-49b7-9204-4c959ceda095/dzi_files/11/4_2.jpeg -> 200 2ms
2026-06-30 20:05:47,912 [INFO] wsi: rid=6b2a1c80 GET /pacs/cases/43c16e0d-7f44-423e-9e6a-073a9046d2ef/dzi -> 200 2ms
2026-06-30 20:05:47,937 [INFO] wsi: rid=714c32f0 GET /pacs/cases/43c16e0d-7f44-423e-9e6a-073a9046d2ef/dzi_files/9/1_0.jpeg -> 200 8ms
2026-06-30 20:05:47,954 [INFO] wsi: rid=d27dc280 GET /pacs/cases/43c16e0d-7f44-423e-9e6a-073a9046d2ef/dzi_files/10/1_1.jpeg -> 200 17ms
2026-06-30 20:05:47,954 [INFO] wsi: rid=defd10c9 GET /pacs/cases/43c16e0d-7f44-423e-9e6a-073a9046d2ef/dzi_files/10/0_0.jpeg -> 200 24ms
2026-06-30 20:05:47,954 [INFO] wsi: rid=8ab44fcd GET /pacs/cases/43c16e0d-7f44-423e-9e6a-073a9046d2ef/dzi_files/10/1_0.jpeg -> 200 27ms
2026-06-30 20:05:47,970 [INFO] wsi: rid=e3d4cc31 GET /pacs/cases/43c16e0d-7f44-423e-9e6a-073a9046d2ef/dzi_files/10/0_1.jpeg -> 200 17ms
2026-06-30 20:05:47,974 [INFO] wsi: rid=13d1bbba GET /pacs/cases/43c16e0d-7f44-423e-9e6a-073a9046d2ef/dzi_files/10/2_0.jpeg -> 200 12ms
2026-06-30 20:05:47,974 [INFO] wsi: rid=f37ad164 GET /pacs/cases/43c16e0d-7f44-423e-9e6a-073a9046d2ef/dzi_files/10/2_1.jpeg -> 200 11ms
2026-06-30 20:05:47,974 [INFO] wsi: rid=5a3db91f GET /pacs/cases/43c16e0d-7f44-423e-9e6a-073a9046d2ef/dzi_files/8/0_0.jpeg -> 200 54ms
2026-06-30 20:05:47,987 [INFO] wsi: rid=e9d172f0 GET /pacs/cases/43c16e0d-7f44-423e-9e6a-073a9046d2ef/dzi_files/9/0_0.jpeg -> 200 56ms
2026-06-30 20:05:47,987 [INFO] wsi: rid=012e58b0 GET /pacs/cases/43c16e0d-7f44-423e-9e6a-073a9046d2ef/dzi_files/11/2_1.jpeg -> 200 23ms
2026-06-30 20:05:48,006 [INFO] wsi: rid=ac194921 GET /pacs/cases/43c16e0d-7f44-423e-9e6a-073a9046d2ef/dzi_files/11/1_1.jpeg -> 200 16ms
2026-06-30 20:05:48,006 [INFO] wsi: rid=2df83e4f GET /pacs/cases/43c16e0d-7f44-423e-9e6a-073a9046d2ef/dzi_files/11/2_0.jpeg -> 200 19ms
2026-06-30 20:05:48,006 [INFO] wsi: rid=eb775bc9 GET /pacs/cases/43c16e0d-7f44-423e-9e6a-073a9046d2ef/dzi_files/11/1_0.jpeg -> 200 13ms
2026-06-30 20:05:48,006 [INFO] wsi: rid=55ae20f7 GET /pacs/cases/43c16e0d-7f44-423e-9e6a-073a9046d2ef/dzi_files/11/2_2.jpeg -> 200 13ms
2026-06-30 20:05:48,027 [INFO] wsi: rid=5bce9ac6 GET /pacs/cases/43c16e0d-7f44-423e-9e6a-073a9046d2ef/dzi_files/7/0_0.jpeg -> 200 51ms
2026-06-30 20:05:48,027 [INFO] wsi: rid=658e06a0 GET /pacs/cases/43c16e0d-7f44-423e-9e6a-073a9046d2ef/dzi_files/6/0_0.jpeg -> 200 47ms
2026-06-30 20:05:48,030 [INFO] wsi: rid=4575a1a4 GET /pacs/cases/43c16e0d-7f44-423e-9e6a-073a9046d2ef/dzi_files/11/1_2.jpeg -> 200 14ms
2026-06-30 20:05:48,037 [INFO] wsi: rid=5490ac41 GET /pacs/cases/43c16e0d-7f44-423e-9e6a-073a9046d2ef/dzi_files/11/3_1.jpeg -> 200 6ms
2026-06-30 20:05:48,047 [INFO] wsi: rid=8f14eeea GET /pacs/cases/43c16e0d-7f44-423e-9e6a-073a9046d2ef/dzi_files/11/0_1.jpeg -> 200 6ms
2026-06-30 20:05:48,047 [INFO] wsi: rid=b91bc87b GET /pacs/cases/43c16e0d-7f44-423e-9e6a-073a9046d2ef/dzi_files/8/0_0.jpeg -> 200 37ms
2026-06-30 20:05:48,054 [INFO] wsi: rid=41a6ac3d GET /pacs/cases/43c16e0d-7f44-423e-9e6a-073a9046d2ef/dzi_files/11/3_0.jpeg -> 200 5ms
2026-06-30 20:05:48,075 [INFO] wsi: rid=1dac3a46 GET /pacs/cases/43c16e0d-7f44-423e-9e6a-073a9046d2ef/dzi_files/11/0_0.jpeg -> 200 4ms
2026-06-30 20:05:48,087 [INFO] wsi: rid=53a7d010 GET /pacs/cases/43c16e0d-7f44-423e-9e6a-073a9046d2ef/dzi_files/11/3_2.jpeg -> 200 6ms
2026-06-30 20:05:48,104 [INFO] wsi: rid=e2a77f10 GET /pacs/cases/43c16e0d-7f44-423e-9e6a-073a9046d2ef/dzi_files/11/0_2.jpeg -> 200 7ms
2026-06-30 20:05:48,126 [INFO] wsi: rid=a2c570e3 GET /pacs/cases/43c16e0d-7f44-423e-9e6a-073a9046d2ef/dzi_files/11/4_1.jpeg -> 200 4ms
2026-06-30 20:05:48,137 [INFO] wsi: rid=c79434fd GET /pacs/cases/43c16e0d-7f44-423e-9e6a-073a9046d2ef/dzi_files/11/4_0.jpeg -> 200 5ms
2026-06-30 20:05:48,156 [INFO] wsi: rid=3370c8db GET /pacs/cases/43c16e0d-7f44-423e-9e6a-073a9046d2ef/dzi_files/11/4_2.jpeg -> 200 1ms
2026-06-30 20:05:49,754 [INFO] wsi: rid=7fcf17de GET /pacs/cases/4e27f4e1-418e-4e6c-b5ae-43e7da377289/dzi -> 200 29ms
2026-06-30 20:05:49,857 [INFO] wsi: rid=18231246 GET /pacs/cases/4e27f4e1-418e-4e6c-b5ae-43e7da377289/dzi_files/9/1_0.jpeg -> 200 61ms
2026-06-30 20:05:49,877 [INFO] wsi: rid=66ed618f GET /pacs/cases/4e27f4e1-418e-4e6c-b5ae-43e7da377289/dzi_files/10/0_0.jpeg -> 200 24ms
2026-06-30 20:05:49,894 [INFO] wsi: rid=a8c877d2 GET /pacs/cases/4e27f4e1-418e-4e6c-b5ae-43e7da377289/dzi_files/10/1_0.jpeg -> 200 98ms
2026-06-30 20:05:49,894 [INFO] wsi: rid=c6589bdb GET /pacs/cases/4e27f4e1-418e-4e6c-b5ae-43e7da377289/dzi_files/10/1_1.jpeg -> 200 7ms
2026-06-30 20:05:49,904 [INFO] wsi: rid=68d617ae GET /pacs/cases/4e27f4e1-418e-4e6c-b5ae-43e7da377289/dzi_files/7/0_0.jpeg -> 200 122ms
2026-06-30 20:05:49,905 [INFO] wsi: rid=302b470e GET /pacs/cases/4e27f4e1-418e-4e6c-b5ae-43e7da377289/dzi_files/6/0_0.jpeg -> 200 123ms
2026-06-30 20:05:49,906 [INFO] wsi: rid=b5b5da45 GET /pacs/cases/4e27f4e1-418e-4e6c-b5ae-43e7da377289/dzi_files/8/0_0.jpeg -> 200 124ms
2026-06-30 20:05:49,911 [INFO] wsi: rid=dd802cc2 GET /pacs/cases/4e27f4e1-418e-4e6c-b5ae-43e7da377289/dzi_files/9/0_0.jpeg -> 200 114ms
2026-06-30 20:05:49,911 [INFO] wsi: rid=2e1ded86 GET /pacs/cases/4e27f4e1-418e-4e6c-b5ae-43e7da377289/dzi_files/10/0_1.jpeg -> 200 16ms
2026-06-30 20:05:49,911 [INFO] wsi: rid=68e31180 GET /pacs/cases/4e27f4e1-418e-4e6c-b5ae-43e7da377289/dzi_files/10/2_1.jpeg -> 200 9ms
2026-06-30 20:05:49,923 [INFO] wsi: rid=76140e32 GET /pacs/cases/4e27f4e1-418e-4e6c-b5ae-43e7da377289/dzi_files/10/2_0.jpeg -> 200 14ms
2026-06-30 20:05:49,923 [INFO] wsi: rid=bcfe0df5 GET /pacs/cases/4e27f4e1-418e-4e6c-b5ae-43e7da377289/dzi_files/11/2_1.jpeg -> 200 18ms
2026-06-30 20:05:49,923 [INFO] wsi: rid=10b082a6 GET /pacs/cases/4e27f4e1-418e-4e6c-b5ae-43e7da377289/dzi_files/11/1_1.jpeg -> 200 19ms
2026-06-30 20:05:49,923 [INFO] wsi: rid=4e10302d GET /pacs/cases/4e27f4e1-418e-4e6c-b5ae-43e7da377289/dzi_files/11/2_0.jpeg -> 200 18ms
2026-06-30 20:05:49,923 [INFO] wsi: rid=86d75300 GET /pacs/cases/4e27f4e1-418e-4e6c-b5ae-43e7da377289/dzi_files/11/1_0.jpeg -> 200 16ms
2026-06-30 20:05:49,945 [INFO] wsi: rid=878b860a GET /pacs/cases/4e27f4e1-418e-4e6c-b5ae-43e7da377289/dzi_files/11/1_2.jpeg -> 200 13ms
2026-06-30 20:05:49,945 [INFO] wsi: rid=047beb7a GET /pacs/cases/4e27f4e1-418e-4e6c-b5ae-43e7da377289/dzi_files/11/2_2.jpeg -> 200 19ms
2026-06-30 20:05:49,955 [INFO] wsi: rid=b075e2cd GET /pacs/cases/4e27f4e1-418e-4e6c-b5ae-43e7da377289/dzi_files/11/3_1.jpeg -> 200 19ms
2026-06-30 20:05:49,965 [INFO] wsi: rid=6fe0ebfb GET /pacs/cases/4e27f4e1-418e-4e6c-b5ae-43e7da377289/dzi_files/11/0_1.jpeg -> 200 23ms
2026-06-30 20:05:49,965 [INFO] wsi: rid=2dafd3f1 GET /pacs/cases/4e27f4e1-418e-4e6c-b5ae-43e7da377289/dzi_files/11/3_0.jpeg -> 200 27ms
2026-06-30 20:05:49,965 [INFO] wsi: rid=86f597c6 GET /pacs/cases/4e27f4e1-418e-4e6c-b5ae-43e7da377289/dzi_files/11/3_2.jpeg -> 200 15ms
2026-06-30 20:05:49,973 [INFO] wsi: rid=6c80ad09 GET /pacs/cases/4e27f4e1-418e-4e6c-b5ae-43e7da377289/dzi_files/11/0_0.jpeg -> 200 15ms
2026-06-30 20:05:49,973 [INFO] wsi: rid=c17c9da5 GET /pacs/cases/4e27f4e1-418e-4e6c-b5ae-43e7da377289/dzi_files/11/0_2.jpeg -> 200 4ms
2026-06-30 20:05:49,973 [INFO] wsi: rid=a6926229 GET /pacs/cases/4e27f4e1-418e-4e6c-b5ae-43e7da377289/dzi_files/8/0_0.jpeg -> 200 42ms
2026-06-30 20:05:49,989 [INFO] wsi: rid=a880bbe7 GET /pacs/cases/4e27f4e1-418e-4e6c-b5ae-43e7da377289/dzi_files/11/4_1.jpeg -> 200 3ms
2026-06-30 20:05:50,006 [INFO] wsi: rid=4c13536c GET /pacs/cases/4e27f4e1-418e-4e6c-b5ae-43e7da377289/dzi_files/11/4_0.jpeg -> 200 2ms
2026-06-30 20:05:50,023 [INFO] wsi: rid=bc1cc2ae GET /pacs/cases/4e27f4e1-418e-4e6c-b5ae-43e7da377289/dzi_files/11/4_2.jpeg -> 200 2ms
